// Jest Snapshot v1, https://goo.gl/fbAQLP

exports[`Counter Component should match with Snapshot 1`] = `
<div>
  <h2>Counter</h2>
  <p>100 <sup>2</sup> = 10000</p>
  <div><button>+1</button><button>-1</button></div>
</div>
`;
