// Jest Snapshot v1, https://goo.gl/fbAQLP

exports[`Tests in Entry Component should do match with snapshot 1`] = `
<div class="entry-container mb-3 pointer p-2">
  <!-- Title -->
  <div class="entry-title d-flex"><span class="text-success fs-5 fw-bold">28</span><span class="mx-1 fs-5">Octubre</span><span class="mx-2 fw-light">2021, Jueves</span></div>
  <div class="entry-description">Hola Mundo, en mi DayBook jeje ðŸ¤—</div>
</div>
`;
