// Jest Snapshot v1, https://goo.gl/fbAQLP

exports[`Test in FAB component should show the icon by default 1`] = `<button class="btn btn-primary"><i class="fa fa-2x fa-plus"></i></button>`;
