// Jest Snapshot v1, https://goo.gl/fbAQLP

exports[`Test in About View should run the component correctly 1`] = `
<div class="about">
  <h1>This is an about page</h1>
</div>
`;
